// Jest Snapshot v1, https://goo.gl/fbAQLP

exports[`SearchBar component renders the UI as expected 1`] = `
<div>
  <h2>
    Results:
  </h2>
  <ul>
    <li>
      Your
    </li>
    <li>
      Results
    </li>
    <li>
      Here
    </li>
  </ul>
</div>
`;
